{"tokens" :[{"token":"START_OF_INPUT"},{"token":"INTEGER"},{"token":"WHITESPACE"},{"token":"INTEGER"},{"token":"WHITESPACE"},{"token":"DECIMAL"},{"token":"WHITESPACE"},{"token":"DECIMAL"},{"token":"WHITESPACE"},{"token":"DECIMAL"},{"token":"WHITESPACE"},{"token":"DECIMAL"},{"token":"WHITESPACE"},{"token":"DECIMAL"},{"token":"WHITESPACE"},{"token":"DECIMAL"},{"token":"END_OF_INPUT"}],"offsets":[38,37,36,33,32,30,29,27,26,23,22,15,14,8,7,0,0]}