{"tokens" :[{"token":"START_OF_INPUT"},{"token":"INTEGER"},{"token":"WHITESPACE"},{"token":"STAR"},{"token":"WHITESPACE"},{"token":"IDENTIFIER"},{"token":"WHITESPACE"},{"token":"IDENTIFIER"},{"token":"MINUS"},{"token":"INTEGER"},{"token":"WHITESPACE"},{"token":"DECIMAL"},{"token":"WHITESPACE"},{"token":"IDENTIFIER"},{"token":"DOT"},{"token":"IDENTIFIER"},{"token":"END_OF_INPUT"}],"offsets":[31,30,29,28,27,26,25,17,16,14,13,4,3,2,1,0,0]}