{"tokens" :[{"token":"START_OF_INPUT"},{"token":"IDENTIFIER"},{"token":"WHITESPACE"},{"token":"IDENTIFIER"},{"token":"WHITESPACE"},{"token":"IDENTIFIER"},{"token":"WHITESPACE"},{"token":"IDENTIFIER"},{"token":"WHITESPACE"},{"token":"IDENTIFIER"},{"token":"WHITESPACE"},{"token":"IDENTIFIER"},{"token":"WHITESPACE"},{"token":"IDENTIFIER"},{"token":"WHITESPACE"},{"token":"IDENTIFIER"},{"token":"END_OF_INPUT"}],"offsets":[32,31,30,29,28,27,26,23,22,18,17,13,12,9,8,0,0]}