{"tokens" :[{"token":"START_OF_INPUT"},{"token":"PLUS"},{"token":"WHITESPACE"},{"token":"MINUS"},{"token":"WHITESPACE"},{"token":"STAR"},{"token":"WHITESPACE"},{"token":"SLASH"},{"token":"WHITESPACE"},{"token":"EQUAL"},{"token":"WHITESPACE"},{"token":"BRA_LEFT"},{"token":"WHITESPACE"},{"token":"KET_LEFT"},{"token":"WHITESPACE"},{"token":"PAR_LEFT"},{"token":"WHITESPACE"},{"token":"SQR_LEFT"},{"token":"WHITESPACE"},{"token":"BRA_RIGHT"},{"token":"WHITESPACE"},{"token":"KET_RIGHT"},{"token":"WHITESPACE"},{"token":"PAR_RIGHT"},{"token":"WHITESPACE"},{"token":"SQR_RIGHT"},{"token":"WHITESPACE"},{"token":"BANG"},{"token":"WHITESPACE"},{"token":"QUESTION"},{"token":"WHITESPACE"},{"token":"TILDE"},{"token":"WHITESPACE"},{"token":"COLON"},{"token":"WHITESPACE"},{"token":"SEMI_COLON"},{"token":"WHITESPACE"},{"token":"CARET"},{"token":"WHITESPACE"},{"token":"MINUS_KET_RIGHT"},{"token":"WHITESPACE"},{"token":"KET_RIGHT_EQUAL"},{"token":"WHITESPACE"},{"token":"KET_LEFT_EQUAL"},{"token":"WHITESPACE"},{"token":"KET_LEFT_BIS"},{"token":"WHITESPACE"},{"token":"KET_RIGHT_BIS"},{"token":"WHITESPACE"},{"token":"BANG_EQUAL"},{"token":"WHITESPACE"},{"token":"EQUAL_BIS"},{"token":"WHITESPACE"},{"token":"PIPE_BIS"},{"token":"WHITESPACE"},{"token":"AMPERSAND_BIS"},{"token":"WHITESPACE"},{"token":"COLON_BIS"},{"token":"WHITESPACE"},{"token":"PLUS_EQUAL"},{"token":"WHITESPACE"},{"token":"MINUS_EQUAL"},{"token":"WHITESPACE"},{"token":"STAR_EQUAL"},{"token":"WHITESPACE"},{"token":"SLASH_EQUAL"},{"token":"WHITESPACE"},{"token":"PERCENT_EQUAL"},{"token":"WHITESPACE"},{"token":"AMPERSAND_EQUAL"},{"token":"WHITESPACE"},{"token":"PIPE_EQUAL"},{"token":"WHITESPACE"},{"token":"CARET_EQUAL"},{"token":"WHITESPACE"},{"token":"KET_LEFT_BIS_EQUAL"},{"token":"WHITESPACE"},{"token":"KET_RIGHT_BIS_EQUAL"},{"token":"END_OF_INPUT"}],"offsets":[99,98,97,96,95,94,93,92,91,90,89,88,87,86,85,84,83,82,81,80,79,78,77,76,75,74,73,72,71,70,69,68,67,66,65,64,63,62,61,59,58,56,55,53,52,50,49,47,46,44,43,41,40,38,37,35,34,32,31,29,28,26,25,23,22,20,19,17,16,14,13,11,10,8,7,4,3,0,0]}