{"tokens" :[{"token":"START_OF_INPUT"},{"token":"WHITESPACE"},{"token":"COMMA"},{"token":"WHITESPACE"},{"token":"COMMA"},{"token":"WHITESPACE"},{"token":"COMMA"},{"token":"WHITESPACE"},{"token":"COMMA"},{"token":"WHITESPACE"},{"token":"END_OF_INPUT"}],"offsets":[16,15,14,13,12,11,10,9,8,0,0]}