{"tree" :{"nodes":[{"kind":"END_OF_TREE","size":0},{"kind":"IDENTIFIER","size":0},{"kind":"IDENTIFIER","size":0},{"kind":"IDENTIFIER","size":0},{"kind":"IDENTIFIER","size":0},{"kind":"IDENTIFIER","size":0},{"kind":"ARG_LIST","size":4},{"kind":"IDENTIFIER","size":0},{"kind":"IDENTIFIER","size":0},{"kind":"OPERATOR","size":0},{"kind":"IDENTIFIER","size":0},{"kind":"SUM","size":3},{"kind":"STATEM_RETURN","size":4},{"kind":"SCOPE","size":5},{"kind":"DECLAR_FUN","size":13},{"kind":"PROGRAM","size":14}],"ranges":[{"start":0,"stop":0},{"start":33,"stop":32},{"start":31,"stop":29},{"start":27,"stop":26},{"start":24,"stop":22},{"start":20,"stop":19},{"start":32,"stop":17},{"start":15,"stop":13},{"start":9,"stop":7},{"start":7,"stop":5},{"start":5,"stop":4},{"start":9,"stop":4},{"start":11,"stop":4},{"start":13,"stop":0},{"start":35,"stop":0},{"start":35,"stop":0}]},"errorSet":{"errors":[]}}