{"tree" :{"nodes":[{"kind":"END_OF_TREE","size":0},{"kind":"LIT_IDENTIFIER","size":0},{"kind":"FUN_ARGUMENTS","size":0},{"kind":"FUN_RETURN","size":0},{"kind":"LIT_IDENTIFIER","size":0},{"kind":"EXP_OPERATOR","size":0},{"kind":"LIT_IDENTIFIER","size":0},{"kind":"EXP_ASSIGN","size":3},{"kind":"SCOPE","size":4},{"kind":"FUN_DEFINITION","size":8},{"kind":"PROGRAM","size":9}],"ranges":[{"start":15,"stop":14},{"start":14,"stop":11},{"start":11,"stop":11},{"start":9,"stop":7},{"start":7,"stop":5},{"start":5,"stop":4},{"start":9,"stop":4},{"start":11,"stop":0},{"start":17,"stop":0},{"start":17,"stop":0}]},"errorSet":{"errors":[]}}