{"tree" :{"nodes":[{"kind":"END_OF_TREE","size":0},{"kind":"LIT_IDENTIFIER","size":0},{"kind":"LIT_IDENTIFIER","size":0},{"kind":"LIT_IDENTIFIER","size":0},{"kind":"FUN_ARGUMENTS","size":2},{"kind":"LIT_IDENTIFIER","size":0},{"kind":"FUN_RETURN","size":1},{"kind":"LIT_IDENTIFIER","size":0},{"kind":"LIT_IDENTIFIER","size":0},{"kind":"DCL_VARIABLE","size":2},{"kind":"LIT_IDENTIFIER","size":0},{"kind":"LIT_IDENTIFIER","size":0},{"kind":"EXP_OPERATOR","size":0},{"kind":"LIT_INTEGER","size":0},{"kind":"EXP_BINOP","size":3},{"kind":"STM_ASSIGN","size":5},{"kind":"LIT_IDENTIFIER","size":0},{"kind":"STM_RETURN","size":1},{"kind":"SCOPE","size":11},{"kind":"FUN_DEFINITION","size":18},{"kind":"PROGRAM","size":19}],"ranges":[{"start":42,"stop":41},{"start":40,"stop":38},{"start":36,"stop":35},{"start":41,"stop":33},{"start":31,"stop":29},{"start":33,"stop":29},{"start":25,"stop":23},{"start":21,"stop":20},{"start":27,"stop":20},{"start":18,"stop":16},{"start":14,"stop":12},{"start":12,"stop":10},{"start":10,"stop":9},{"start":14,"stop":9},{"start":18,"stop":9},{"start":5,"stop":4},{"start":7,"stop":4},{"start":29,"stop":0},{"start":44,"stop":0},{"start":44,"stop":0}]},"errorSet":{"errors":[]}}