AGFzbQEAAAAKgYCAgAAAC4GAgIAAAACQgICAAAdsaW5raW5nAgiBgICAAAAAjYCAgAAKcmVsb2MuQ09ERQAAAI2AgIAACnJlbG9jLkRBVEEBAA==|AGFzbQEAAAAKgYCAgAAAC4GAgIAAAACQgICAAAdsaW5raW5nAgiBgICAAAAAjYCAgAAKcmVsb2MuQ09ERQAAAI2AgIAACnJlbG9jLkRBVEEBAA==|AGFzbQEAAAABh4CAgAABYAJ+fgF+A4aAgIAAAYCAgIAAB5qAgIAAARZjNzVzZ29JcXM1YU0wbkpFQUR0UHpBAAAKjYCAgAABh4CAgAAAIAEgAHwLC4GAgIAAAACqgICAAAdsaW5raW5nAgibgICAAAEABAAWYzc1c2dvSXFzNWFNMG5KRUFEdFB6QQCNgICAAApyZWxvYy5DT0RFAwAAjYCAgAAKcmVsb2MuREFUQQQA|AGFzbQEAAAABjICAgAACYAF+AX5gAn5+AX4Cm4CAgAABABZjNzVzZ29JcXM1YU0wbkpFQUR0UHpBAAEDhoCAgAABgICAgAAHmoCAgAABFldqSnlvTG95Ym5MQnN3d1BSWmNoOVEAAQqYgICAAAGSgICAAAEBfkIBIAAQgICAgAAhASABCwuBgICAAAAArYCAgAAHbGlua2luZwIInoCAgAACABAAAAQBFldqSnlvTG95Ym5MQnN3d1BSWmNoOVEAkICAgAAKcmVsb2MuQ09ERQQBAA4AAI2AgIAACnJlbG9jLkRBVEEFAA==|AGFzbQEAAAAKgYCAgAAAC4GAgIAAAACQgICAAAdsaW5raW5nAgiBgICAAAAAjYCAgAAKcmVsb2MuQ09ERQAAAI2AgIAACnJlbG9jLkRBVEEBAA==