{"tree" :{"nodes":[{"kind":"END_OF_TREE","size":0,"childCount":0,"start":0,"stop":0},{"kind":"LIT_IDENTIFIER","size":0,"childCount":0,"start":21,"stop":20},{"kind":"FUN_ARGUMENTS","size":0,"childCount":0,"start":20,"stop":17},{"kind":"LIT_IDENTIFIER","size":0,"childCount":0,"start":15,"stop":14},{"kind":"LIT_INTEGER","size":0,"childCount":0,"start":13,"stop":11},{"kind":"EXP_OPERATOR","size":0,"childCount":0,"start":11,"stop":9},{"kind":"LIT_INTEGER","size":0,"childCount":0,"start":9,"stop":8},{"kind":"EXP_BINOP","size":3,"childCount":3,"start":13,"stop":8},{"kind":"LIT_INTEGER","size":0,"childCount":0,"start":6,"stop":5},{"kind":"FUN_CALL","size":6,"childCount":3,"start":15,"stop":4},{"kind":"SCOPE","size":7,"childCount":1,"start":17,"stop":0},{"kind":"FUN_DEFINITION","size":10,"childCount":3,"start":23,"stop":0},{"kind":"DEFINITION","size":11,"childCount":1,"start":23,"stop":0},{"kind":"MODULE","size":12,"childCount":1,"start":23,"stop":0}]},"errors":[{"offset":4294967295,"errors":[]}]}