{"tree" :{"nodes":[{"kind":"END_OF_TREE","size":0,"childCount":0,"start":0,"stop":0},{"kind":"LIT_IDENTIFIER","size":0,"childCount":0,"start":20,"stop":18},{"kind":"LIT_IDENTIFIER","size":0,"childCount":0,"start":16,"stop":14},{"kind":"LIT_IDENTIFIER","size":0,"childCount":0,"start":12,"stop":11},{"kind":"LIT_IDENTIFIER","size":0,"childCount":0,"start":9,"stop":7},{"kind":"LIT_IDENTIFIER","size":0,"childCount":0,"start":5,"stop":4},{"kind":"CLS_MEMBERS","size":4,"childCount":4,"start":18,"stop":0},{"kind":"DEF_CLASS","size":6,"childCount":2,"start":22,"stop":0},{"kind":"DEFINITION","size":7,"childCount":1,"start":22,"stop":0},{"kind":"MODULE","size":8,"childCount":1,"start":22,"stop":0}]},"errors":[{"offset":4294967295,"errors":[]}]}