{"tree" :{"nodes":[{"kind":"END_OF_TREE","size":0,"childCount":0,"start":0,"stop":0},{"kind":"DCL_EXPORT","size":0,"childCount":0,"start":10,"stop":8},{"kind":"LIT_IDENTIFIER","size":0,"childCount":0,"start":6,"stop":5},{"kind":"FUN_ARGUMENTS","size":0,"childCount":0,"start":5,"stop":2},{"kind":"SCOPE","size":0,"childCount":0,"start":2,"stop":0},{"kind":"FUN_DEFINITION","size":4,"childCount":4,"start":10,"stop":0},{"kind":"MODULE","size":5,"childCount":1,"start":10,"stop":0}]},"errors":[{"offset":4294967295,"errors":[]}]}