{"tree" :{"nodes":[{"kind":"END_OF_TREE","size":0,"childCount":0,"start":0,"stop":0},{"kind":"LIT_IDENTIFIER","size":0,"childCount":0,"start":7,"stop":6},{"kind":"FUN_ARGUMENTS","size":0,"childCount":0,"start":6,"stop":3},{"kind":"SCOPE","size":0,"childCount":0,"start":3,"stop":0},{"kind":"FUN_DEFINITION","size":3,"childCount":3,"start":9,"stop":0},{"kind":"DEFINITION","size":4,"childCount":1,"start":9,"stop":0},{"kind":"MODULE","size":5,"childCount":1,"start":9,"stop":0}]},"errors":[{"offset":4294967295,"errors":[]}]}