{"tree" :{"nodes":[{"kind":"END_OF_TREE","size":0,"childCount":0,"start":0,"stop":0},{"kind":"LIT_IDENTIFIER","size":0,"childCount":0,"start":42,"stop":41},{"kind":"LIT_IDENTIFIER","size":0,"childCount":0,"start":40,"stop":38},{"kind":"LIT_IDENTIFIER","size":0,"childCount":0,"start":36,"stop":35},{"kind":"FUN_ARGUMENTS","size":2,"childCount":2,"start":41,"stop":33},{"kind":"LIT_IDENTIFIER","size":0,"childCount":0,"start":31,"stop":29},{"kind":"LIT_IDENTIFIER","size":0,"childCount":0,"start":25,"stop":23},{"kind":"LIT_IDENTIFIER","size":0,"childCount":0,"start":21,"stop":20},{"kind":"DCL_VARIABLE","size":2,"childCount":2,"start":27,"stop":20},{"kind":"LIT_IDENTIFIER","size":0,"childCount":0,"start":18,"stop":16},{"kind":"EXP_OPERATOR","size":0,"childCount":0,"start":16,"stop":14},{"kind":"LIT_IDENTIFIER","size":0,"childCount":0,"start":14,"stop":12},{"kind":"EXP_OPERATOR","size":0,"childCount":0,"start":12,"stop":10},{"kind":"LIT_INTEGER","size":0,"childCount":0,"start":10,"stop":9},{"kind":"EXP_BINOP","size":3,"childCount":3,"start":14,"stop":9},{"kind":"EXP_ASSIGN","size":6,"childCount":3,"start":18,"stop":9},{"kind":"LIT_IDENTIFIER","size":0,"childCount":0,"start":5,"stop":4},{"kind":"STM_RETURN","size":1,"childCount":1,"start":7,"stop":4},{"kind":"SCOPE","size":12,"childCount":3,"start":29,"stop":0},{"kind":"FUN_DEFINITION","size":18,"childCount":4,"start":44,"stop":0},{"kind":"DEFINITION","size":19,"childCount":1,"start":44,"stop":0},{"kind":"MODULE","size":20,"childCount":1,"start":44,"stop":0}]},"errors":[{"offset":4294967295,"errors":[]}]}