{"tree" :{"nodes":[{"kind":"END_OF_TREE","size":0,"childCount":0,"start":0,"stop":0},{"kind":"LIT_IDENTIFIER","size":0,"childCount":0,"start":3,"stop":2},{"kind":"DCL_IMPORT","size":1,"childCount":1,"start":5,"stop":0},{"kind":"MODULE","size":2,"childCount":1,"start":5,"stop":0}]},"errors":[{"offset":4294967295,"errors":[]}]}