{"tree" :{"nodes":[{"kind":"END_OF_TREE","size":0,"childCount":0,"start":0,"stop":0},{"kind":"IDENTIFIER","size":0,"childCount":0,"start":15,"stop":13},{"kind":"IDENTIFIER","size":0,"childCount":0,"start":9,"stop":8},{"kind":"FUN_ARGUMENTS","size":0,"childCount":0,"start":8,"stop":5},{"kind":"SCOPE","size":0,"childCount":0,"start":5,"stop":2},{"kind":"DEF_FUNCTION","size":3,"childCount":3,"start":11,"stop":2},{"kind":"DEFINITION","size":4,"childCount":1,"start":11,"stop":2},{"kind":"MODULE","size":6,"childCount":2,"start":17,"stop":0},{"kind":"MODULE","size":7,"childCount":1,"start":17,"stop":0}]},"errors":[{"offset":4294967295,"errors":[]}]}