[[{"node":"View","id":"N6VFbd4OY6cKQPf0SyaZQA","modules":[{"node":"Module","path":{"node":"Identifier","lexeme":{"node":"Lexeme","slice":"Z"}},"parentPath":[{"node":"Binary Operation","operator":{"node":"Lexeme","slice":"."},"lhs":{"node":"Identifier","lexeme":{"node":"Lexeme","slice":"X"}},"rhs":{"node":"Identifier","lexeme":{"node":"Lexeme","slice":"Y"}}}],"imports":[],"definitions":[],"modules":[]}]}],[{"node":"View","id":"mPVf8fCHYA0Bf6QpHf38KQ","modules":[{"node":"Module","path":{"node":"Binary Operation","operator":{"node":"Lexeme","slice":"."},"lhs":{"node":"Identifier","lexeme":{"node":"Lexeme","slice":"X"}},"rhs":{"node":"Identifier","lexeme":{"node":"Lexeme","slice":"Y"}}},"parentPath":[],"imports":[],"definitions":[],"modules":[]}]}],[{"node":"View","id":"r6nXn82vqObsUax/oEDBig","modules":[{"node":"Module","path":{"node":"Identifier","lexeme":{"node":"Lexeme","slice":"builtin"}},"parentPath":[],"imports":[],"definitions":[{"node":"Definition","role":"EXPORTED","value":{"node":"Function","id":"c2K1+q4sas6vgKaIwsHcvg","name":{"node":"Identifier","lexeme":{"node":"Lexeme","slice":"add_i64_int"}},"arguments":[{"node":"Variable Declaration","id":"YIt/g3CspIHe+ucOp0HO2Q","typeClaim":{"node":"Type Claim","variable":{"node":"Identifier","lexeme":{"node":"Lexeme","slice":"x"}},"type":{"node":"Type","name":{"node":"Identifier","id":"UvhhVDVuUX274JKTmEkj6w","lexeme":{"node":"Lexeme","slice":"i64"}}}}},{"node":"Variable Declaration","id":"3a539tuu4y0Cx/yZc03mGA","typeClaim":{"node":"Type Claim","variable":{"node":"Identifier","lexeme":{"node":"Lexeme","slice":"y"}},"type":{"node":"Type","name":{"node":"Identifier","id":"EMrrToEoWnCusgbcxOIouQ","lexeme":{"node":"Lexeme","slice":"int"}}}}}],"returnType":{"node":"Type","name":{"node":"Identifier","id":"UvhhVDVuUX274JKTmEkj6w","lexeme":{"node":"Lexeme","slice":"i64"}}},"body":[{"node":"Return Statement","expression":{"node":"Identifier","id":"YIt/g3CspIHe+ucOp0HO2Q","lexeme":{"node":"Lexeme","slice":"x"}}}]}},{"node":"Definition","role":"EXPORTED","value":{"node":"Class","id":"EMrrToEoWnCusgbcxOIouQ","name":{"node":"Identifier","lexeme":{"node":"Lexeme","slice":"int"}},"members":[]}},{"node":"Definition","role":"EXPORTED","value":{"node":"Class","id":"UvhhVDVuUX274JKTmEkj6w","name":{"node":"Identifier","lexeme":{"node":"Lexeme","slice":"i64"}},"members":[]}},{"node":"Definition","role":"EXPORTED","value":{"node":"Class","id":"izVNcsQ0jO8hSaT2sBlILw","name":{"node":"Identifier","lexeme":{"node":"Lexeme","slice":"u64"}},"members":[]}}],"modules":[]}]}],[{"node":"View","id":"JU0jp1Q0jClFCfkZyw0Zpg","modules":[{"node":"Module","path":{"node":"Identifier","lexeme":{"node":"Lexeme","slice":"B"}},"parentPath":[{"node":"Binary Operation","operator":{"node":"Lexeme","slice":"."},"lhs":{"node":"Identifier","lexeme":{"node":"Lexeme","slice":"X"}},"rhs":{"node":"Identifier","lexeme":{"node":"Lexeme","slice":"Y"}}},{"node":"Identifier","lexeme":{"node":"Lexeme","slice":"Z"}}],"imports":[{"node":"Import","id":"r6nXn82vqObsUax/oEDBig","path":{"node":"Identifier","lexeme":{"node":"Lexeme","slice":"builtin"}}}],"definitions":[{"node":"Definition","role":"EXPORTED","value":{"node":"Function","id":"WjJyoLoybnLBswwPRZch9Q","name":{"node":"Identifier","lexeme":{"node":"Lexeme","slice":"increment"}},"arguments":[{"node":"Variable Declaration","id":"Lvu3BfYXSIxEDa2HV1ia5w","typeClaim":{"node":"Type Claim","variable":{"node":"Identifier","lexeme":{"node":"Lexeme","slice":"x"}},"type":{"node":"Type","name":{"node":"Identifier","id":"UvhhVDVuUX274JKTmEkj6w","lexeme":{"node":"Lexeme","slice":"i64"}}}}}],"returnType":{"node":"Type","name":{"node":"Identifier","id":"UvhhVDVuUX274JKTmEkj6w","lexeme":{"node":"Lexeme","slice":"i64"}}},"body":[{"node":"Variable Declaration","id":"Ay12+6p6nvAiiEBmGuNyRw","typeClaim":{"node":"Type Claim","variable":{"node":"Identifier","lexeme":{"node":"Lexeme","slice":"y"}},"type":{"node":"Type","name":{"node":"Identifier","id":"UvhhVDVuUX274JKTmEkj6w","lexeme":{"node":"Lexeme","slice":"i64"}}}}},{"node":"Binary Operation","operator":{"node":"Lexeme","slice":"="},"lhs":{"node":"Pattern","variable":{"node":"Identifier","id":"Ay12+6p6nvAiiEBmGuNyRw","lexeme":{"node":"Lexeme","slice":"y"}}},"rhs":{"node":"Binary Operation","id":"c2K1+q4sas6vgKaIwsHcvg","operator":{"node":"Lexeme","slice":"+"},"lhs":{"node":"Identifier","id":"Lvu3BfYXSIxEDa2HV1ia5w","lexeme":{"node":"Lexeme","slice":"x"}},"rhs":{"node":"Integer","lexeme":{"node":"Lexeme","slice":"1"}}}},{"node":"Return Statement","expression":{"node":"Identifier","id":"Ay12+6p6nvAiiEBmGuNyRw","lexeme":{"node":"Lexeme","slice":"y"}}}]}},{"node":"Definition","role":"EXPORTED","value":{"node":"Class","id":"bCKAPAXvU77GTKNTwzJhPA","name":{"node":"Identifier","lexeme":{"node":"Lexeme","slice":"C"}},"members":[{"node":"Type Claim","variable":{"node":"Identifier","lexeme":{"node":"Lexeme","slice":"a"}},"type":{"node":"Type","name":{"node":"Identifier","id":"izVNcsQ0jO8hSaT2sBlILw","lexeme":{"node":"Lexeme","slice":"u64"}}}}]}}],"modules":[]}]}],[{"node":"View","id":"DV96r5iT83DOQoW24Jw2dg","modules":[{"node":"Module","path":{},"parentPath":[],"imports":[],"definitions":[],"modules":[]},{"node":"Module","path":{},"parentPath":[],"imports":[],"definitions":[],"modules":[]}]}]]