{"tokens" :["START_OF_INPUT","COMMENT","COMMENT","STAR_SLASH","WHITESPACE","STAR_SLASH","WHITESPACE","STAR_SLASH","WHITESPACE","UNKNOWN","END_OF_INPUT"],"offsets":[157,130,102,100,99,70,69,13,11,0,0]}