{"tokens" :["START_OF_INPUT","DATA","WHITESPACE","DATA","WHITESPACE","DATA","WHITESPACE","DATA","WHITESPACE","DATA","WHITESPACE","DATA","WHITESPACE","DATA","WHITESPACE","DATA","END_OF_INPUT"],"offsets":[111,96,94,79,77,61,59,42,40,22,20,13,11,5,4,1,0]}