{"tokens" :["START_OF_INPUT","IDENTIFIER","WHITESPACE","IDENTIFIER","WHITESPACE","IDENTIFIER","WHITESPACE","IDENTIFIER","WHITESPACE","IDENTIFIER","WHITESPACE","IDENTIFIER","WHITESPACE","IDENTIFIER","WHITESPACE","IDENTIFIER","END_OF_INPUT"],"offsets":[32,31,30,29,28,27,26,23,22,18,17,13,12,9,8,0,0]}