{"tokens" :["START_OF_INPUT","IF","WHITESPACE","ELSE","WHITESPACE","LET","WHITESPACE","FUNC","WHITESPACE","WHILE","WHITESPACE","EXPORT","WHITESPACE","IMPORT","WHITESPACE","MODULE","WHITESPACE","RETURN","END_OF_INPUT"],"offsets":[50,48,47,43,42,39,38,34,33,28,27,21,20,14,13,7,6,0,0]}