{"tokens" :["START_OF_INPUT","PLUS","WHITESPACE","MINUS","WHITESPACE","STAR","WHITESPACE","SLASH","WHITESPACE","EQUAL","WHITESPACE","BRA_LEFT","WHITESPACE","KET_LEFT","WHITESPACE","PAR_LEFT","WHITESPACE","SQR_LEFT","WHITESPACE","BRA_RIGHT","WHITESPACE","KET_RIGHT","WHITESPACE","PAR_RIGHT","WHITESPACE","SQR_RIGHT","WHITESPACE","BANG","WHITESPACE","QUESTION","WHITESPACE","TILDE","WHITESPACE","COLON","WHITESPACE","SEMI_COLON","WHITESPACE","CARET","WHITESPACE","MINUS_KET_RIGHT","WHITESPACE","KET_RIGHT_EQUAL","WHITESPACE","KET_LEFT_EQUAL","WHITESPACE","KET_LEFT_BIS","WHITESPACE","KET_RIGHT_BIS","WHITESPACE","BANG_EQUAL","WHITESPACE","EQUAL_BIS","WHITESPACE","PIPE_BIS","WHITESPACE","AMPERSAND_BIS","WHITESPACE","COLON_BIS","WHITESPACE","PLUS_EQUAL","WHITESPACE","MINUS_EQUAL","WHITESPACE","STAR_EQUAL","WHITESPACE","SLASH_EQUAL","WHITESPACE","PERCENT_EQUAL","WHITESPACE","AMPERSAND_EQUAL","WHITESPACE","PIPE_EQUAL","WHITESPACE","CARET_EQUAL","WHITESPACE","KET_LEFT_BIS_EQUAL","WHITESPACE","KET_RIGHT_BIS_EQUAL","END_OF_INPUT"],"offsets":[99,98,97,96,95,94,93,92,91,90,89,88,87,86,85,84,83,82,81,80,79,78,77,76,75,74,73,72,71,70,69,68,67,66,65,64,63,62,61,59,58,56,55,53,52,50,49,47,46,44,43,41,40,38,37,35,34,32,31,29,28,26,25,23,22,20,19,17,16,14,13,11,10,8,7,4,3,0,0]}