{"tokens" :["START_OF_INPUT","WHITESPACE","COMMA","WHITESPACE","COMMA","WHITESPACE","COMMA","WHITESPACE","COMMA","WHITESPACE","END_OF_INPUT"],"offsets":[16,15,14,13,12,11,10,9,8,0,0]}