{"tree" :{"nodes":[{"kind":"END_OF_TREE","size":0,"childCount":0,"start":0,"stop":0},{"kind":"LIT_IDENTIFIER","size":0,"childCount":0,"start":13,"stop":12},{"kind":"FUN_ARGUMENTS","size":0,"childCount":0,"start":12,"stop":9},{"kind":"FUN_RETURN","size":0,"childCount":0,"start":9,"stop":9},{"kind":"LIT_INTEGER","size":0,"childCount":0,"start":4,"stop":3},{"kind":"SCOPE","size":1,"childCount":1,"start":9,"stop":0},{"kind":"FUN_DEFINITION","size":5,"childCount":4,"start":15,"stop":0},{"kind":"PROGRAM","size":6,"childCount":1,"start":15,"stop":0}]},"errors":[{"offset":6,"errors":[{"expect":"PAR_LEFT","actual":"SEMI_COLON","treeNodeKind":"EXP_OPPOSE"},{"expect":"DECIMAL","actual":"SEMI_COLON","treeNodeKind":"LIT_DECIMAL"},{"expect":"INTEGER","actual":"SEMI_COLON","treeNodeKind":"LIT_INTEGER"},{"expect":"IDENTIFIER","actual":"SEMI_COLON","treeNodeKind":"LIT_IDENTIFIER"},{"expect":"PLUS","actual":"SEMI_COLON","treeNodeKind":"EXP_OPPOSE"}]},{"offset":4294967295,"errors":[]}]}