{"tree" :{"nodes":[{"kind":"END_OF_TREE","size":0,"childCount":0,"start":0,"stop":0},{"kind":"LIT_IDENTIFIER","size":0,"childCount":0,"start":12,"stop":11},{"kind":"FUN_ARGUMENTS","size":0,"childCount":0,"start":11,"stop":8},{"kind":"FUN_RETURN","size":0,"childCount":0,"start":8,"stop":8},{"kind":"LIT_INTEGER","size":0,"childCount":0,"start":6,"stop":4},{"kind":"SCOPE","size":0,"childCount":0,"start":4,"stop":1},{"kind":"SCOPE","size":2,"childCount":2,"start":8,"stop":0},{"kind":"FUN_DEFINITION","size":6,"childCount":4,"start":14,"stop":0},{"kind":"PROGRAM","size":7,"childCount":1,"start":14,"stop":0}]},"errors":[{"offset":4,"errors":[{"expect":"SEMI_COLON","actual":"BRA_LEFT","treeNodeKind":"SCOPE"},{"expect":"SLASH_EQUAL","actual":"BRA_LEFT","treeNodeKind":"EXP_OPERATOR"},{"expect":"STAR_EQUAL","actual":"BRA_LEFT","treeNodeKind":"EXP_OPERATOR"},{"expect":"MINUS_EQUAL","actual":"BRA_LEFT","treeNodeKind":"EXP_OPERATOR"},{"expect":"PLUS","actual":"BRA_LEFT","treeNodeKind":"EXP_OPERATOR"},{"expect":"PERCENT","actual":"BRA_LEFT","treeNodeKind":"EXP_OPERATOR"},{"expect":"STAR","actual":"BRA_LEFT","treeNodeKind":"EXP_OPERATOR"},{"expect":"KET_RIGHT","actual":"BRA_LEFT","treeNodeKind":"EXP_OPERATOR"},{"expect":"MINUS","actual":"BRA_LEFT","treeNodeKind":"EXP_OPERATOR"},{"expect":"SLASH","actual":"BRA_LEFT","treeNodeKind":"EXP_OPERATOR"},{"expect":"KET_LEFT","actual":"BRA_LEFT","treeNodeKind":"EXP_OPERATOR"},{"expect":"KET_LEFT_EQUAL","actual":"BRA_LEFT","treeNodeKind":"EXP_OPERATOR"},{"expect":"KET_RIGHT_EQUAL","actual":"BRA_LEFT","treeNodeKind":"EXP_OPERATOR"},{"expect":"PLUS_EQUAL","actual":"BRA_LEFT","treeNodeKind":"EXP_OPERATOR"},{"expect":"EQUAL","actual":"BRA_LEFT","treeNodeKind":"EXP_OPERATOR"}]},{"offset":4294967295,"errors":[]}]}