{"tree" :{"nodes":[{"kind":"END_OF_TREE","size":0,"childCount":0,"start":0,"stop":0},{"kind":"LIT_IDENTIFIER","size":0,"childCount":0,"start":14,"stop":13},{"kind":"FUN_ARGUMENTS","size":0,"childCount":0,"start":13,"stop":10},{"kind":"SCOPE","size":0,"childCount":0,"start":10,"stop":8},{"kind":"DEF_FUNCTION","size":3,"childCount":3,"start":16,"stop":8},{"kind":"DEFINITION","size":4,"childCount":1,"start":16,"stop":8},{"kind":"LIT_IDENTIFIER","size":0,"childCount":0,"start":6,"stop":5},{"kind":"FUN_ARGUMENTS","size":0,"childCount":0,"start":5,"stop":2},{"kind":"SCOPE","size":0,"childCount":0,"start":2,"stop":0},{"kind":"DEF_FUNCTION","size":3,"childCount":3,"start":8,"stop":0},{"kind":"DEFINITION","size":4,"childCount":1,"start":8,"stop":0},{"kind":"MODULE","size":10,"childCount":2,"start":16,"stop":0}]},"errors":[{"offset":8,"errors":[{"expect":"LET","actual":"FUNC","treeNodeKind":"DCL_VARIABLE"},{"expect":"BRA_RIGHT","actual":"FUNC","treeNodeKind":"SCOPE"},{"expect":"PLUS","actual":"FUNC","treeNodeKind":"EXP_BINOP"},{"expect":"INTEGER","actual":"FUNC","treeNodeKind":"LIT_INTEGER"},{"expect":"MINUS","actual":"FUNC","treeNodeKind":"EXP_OPPOSE"},{"expect":"SEMI_COLON","actual":"FUNC","treeNodeKind":"SCOPE"},{"expect":"IDENTIFIER","actual":"FUNC","treeNodeKind":"LIT_IDENTIFIER"},{"expect":"RETURN","actual":"FUNC","treeNodeKind":"STM_RETURN"},{"expect":"BRA_LEFT","actual":"FUNC","treeNodeKind":"SCOPE"},{"expect":"PAR_LEFT","actual":"FUNC","treeNodeKind":"EXP_BINOP"},{"expect":"DECIMAL","actual":"FUNC","treeNodeKind":"LIT_DECIMAL"}]},{"offset":4294967295,"errors":[]}]}