{"node":"Module","path":{},"parentPath":{},"imports":[],"functions":[{"node":"Function","status":"EXPORTED","name":{"node":"Identifier","lexeme":{"node":"Lexeme","slice":"add"}},"arguments":[{"node":"Type Claim","variable":{"node":"Identifier","lexeme":{"node":"Lexeme","slice":"x"}},"type":{"node":"Identifier","lexeme":{"node":"Lexeme","slice":"i64"}}},{"node":"Type Claim","variable":{"node":"Identifier","lexeme":{"node":"Lexeme","slice":"y"}},"type":{"node":"Identifier","lexeme":{"node":"Lexeme","slice":"i64"}}}],"returnType":{"node":"Identifier","lexeme":{"node":"Lexeme","slice":"i64"}},"body":[{"node":"Return Statement","expression":{"node":"Binary Operation","operator":{"node":"Lexeme","slice":"+"},"lhs":{"node":"Identifier","lexeme":{"node":"Lexeme","slice":"x"}},"rhs":{"node":"Identifier","lexeme":{"node":"Lexeme","slice":"y"}}}}]}],"types":[],"modules":[]}