{"node":"Module","path":{},"parentPath":[],"imports":[],"definitions":[{"node":"Definition","role":"LOCAL","value":{"node":"Function","name":{"node":"Identifier","lexeme":{"node":"Lexeme","slice":"f"}},"arguments":[],"returnType":{},"body":[{"node":"Function Call","callee":{"node":"Identifier","lexeme":{"node":"Lexeme","slice":"g"}},"arguments":[{"node":"Binary Operation","operator":{"node":"Lexeme","slice":"+"},"lhs":{"node":"Integer","lexeme":{"node":"Lexeme","slice":"2"}},"rhs":{"node":"Integer","lexeme":{"node":"Lexeme","slice":"3"}}},{"node":"Integer","lexeme":{"node":"Lexeme","slice":"5"}}]}]}}],"modules":[]}