{"node":"Module","path":{},"parentPath":{},"imports":[],"definitions":[{"node":"Definition","status":"LOCAL","value":{"node":"Class","name":{"node":"Identifier","lexeme":{"node":"Lexeme","slice":"A"}},"members":[{"node":"Type Claim","variable":{"node":"Identifier","lexeme":{"node":"Lexeme","slice":"a"}},"type":{"node":"Identifier","lexeme":{"node":"Lexeme","slice":"i64"}}},{"node":"Type Claim","variable":{"node":"Identifier","lexeme":{"node":"Lexeme","slice":"b"}},"type":{"node":"Identifier","lexeme":{"node":"Lexeme","slice":"f32"}}}]}}],"modules":[]}