{"node":"Program","functions":[{"node":"Function","name":{"node":"Identifier","lexeme":{"node":"Lexeme","slice":"increment"}},"arguments":[{"node":"Type Claim","variable":{"node":"Identifier","lexeme":{"node":"Lexeme","slice":"x"}},"type":{"node":"Identifier","lexeme":{"node":"Lexeme","slice":"i64"}}}],"returnType":{"node":"Identifier","lexeme":{"node":"Lexeme","slice":"i64"}},"body":[{"node":"Variable Declaration","typeClaim":{"node":"Type Claim","variable":{"node":"Identifier","lexeme":{"node":"Lexeme","slice":"y"}},"type":{"node":"Identifier","lexeme":{"node":"Lexeme","slice":"i64"}}}},{"node":"Binary Operation","operator":{"node":"Lexeme","slice":"="},"lhs":{"node":"Identifier","lexeme":{"node":"Lexeme","slice":"y"}},"rhs":{"node":"Binary Operation","operator":{"node":"Lexeme","slice":"+"},"lhs":{"node":"Identifier","lexeme":{"node":"Lexeme","slice":"x"}},"rhs":{"node":"Integer","lexeme":{"node":"Lexeme","slice":"1"}}}},{"node":"Return Statement","expression":{"node":"Identifier","lexeme":{"node":"Lexeme","slice":"y"}}}]}]}