{"node":"Module","path":{},"imports":[],"functions":[],"types":[],"modules":[{"node":"Module","path":{"node":"Identifier","lexeme":{"node":"Lexeme","slice":"A"}},"imports":[{"node":"Import","path":{"node":"Identifier","lexeme":{"node":"Lexeme","slice":"C"}}},{"node":"Import","path":{"node":"Identifier","lexeme":{"node":"Lexeme","slice":"B"}}}],"functions":[{"node":"Function","status":"EXPORTED","name":{"node":"Identifier","lexeme":{"node":"Lexeme","slice":"f"}},"arguments":[],"returnType":{},"body":[]}],"types":[],"modules":[]}]}